
 RUN  v2.1.9 /mnt/c/Users/augus/Documents/GitHub/RouteRider

